// Jest Snapshot v1, https://goo.gl/fbAQLP

exports[`renders correctly 1`] = `
<form
  className="LoginForm"
  onSubmit={[Function]}
>
  <div
    role="alert"
  />
  <div
    className="username"
  >
    <label
      htmlFor="LoginForm__username"
    >
      Username: 
    </label>
     
    <input
      id="LoginForm__username"
      name="username"
      required={true}
      type="text"
    />
  </div>
  <div
    className="password"
  >
    <label
      htmlFor="LoginForm__password"
    >
      Password: 
    </label>
     
    <input
      id="LoginForm__password"
      name="password"
      required={true}
      type="password"
    />
  </div>
  <button
    className="Button "
    type="submit"
  >
    Login
  </button>
</form>
`;
